{
  "virtual_hosts": [
   {
    "name": "world.com",
    "domains": [
     "world.com",
     "world.com:80"
    ],
    "routes": [
     {
      "path": "/hello",
      "cluster": "out.a2263b90cd24e500e9ed95f79ae47eabdc77dc74",
      "opaque_config": {
       "mixer_check": "on",
       "mixer_forward": "on",
       "mixer_report": "on"
      },
      "decorator": {
       "operation": "default-route"
      }
     }
    ]
   }
  ]
 }